//
// Source
// ------------------------------------------

import androidx.compose.runtime.Composable
import androidx.compose.runtime.ReadOnlyComposable
import androidx.compose.runtime.key
import androidx.compose.runtime.NonRestartableComposable


@NonRestartableComposable @Composable
fun Example(x: Int): Int {
    if (x > 0) {
        return R()
    }
    return R()
}

//
// Transformed IR
// ------------------------------------------

@NonRestartableComposable
@Composable
fun Example(x: Int, %composer: Composer?, %changed: Int): Int {
  %composer.startReplaceableGroup(<>)
  sourceInformation(%composer, "C(Example)<R()>:Test.kt")
  if (isTraceInProgress()) {
    traceEventStart(<>, %changed, -1, <>)
  }
  %composer.startReplaceableGroup(<>)
  sourceInformation(%composer, "<R()>")
  if (x > 0) {
    val tmp1_return = R(%composer, 0)
    %composer.endReplaceableGroup()
    if (isTraceInProgress()) {
      traceEventEnd()
    }
    %composer.endReplaceableGroup()
    return tmp1_return
  }
  %composer.endReplaceableGroup()
  val tmp0 = R(%composer, 0)
  if (isTraceInProgress()) {
    traceEventEnd()
  }
  %composer.endReplaceableGroup()
  return tmp0
}
