//
// Source
// ------------------------------------------

import androidx.compose.runtime.Composable
import androidx.compose.runtime.ReadOnlyComposable
import androidx.compose.runtime.key
import androidx.compose.runtime.NonRestartableComposable


@NonRestartableComposable @Composable
fun Example() {
    // A while loop's condition block gets executed a conditional number of times, so
    // so we must generate a group around the while expression overall. The function
    // body group will suffice.
    while (B()) {
        print("hello world")
    }
}

//
// Transformed IR
// ------------------------------------------

@NonRestartableComposable
@Composable
fun Example(%composer: Composer?, %changed: Int) {
  sourceInformationMarkerStart(%composer, <>, "C(Example):Test.kt")
  if (isTraceInProgress()) {
    traceEventStart(<>, %changed, -1, <>)
  }
  %composer.startReplaceableGroup(<>)
  sourceInformation(%composer, "*<B()>")
  while (B(%composer, 0)) {
    print("hello world")
  }
  %composer.endReplaceableGroup()
  if (isTraceInProgress()) {
    traceEventEnd()
  }
  sourceInformationMarkerEnd(%composer)
}
