//
// Source
// ------------------------------------------

import androidx.compose.runtime.Composable

@Composable fun Test() {
    run {
        if (true) {
            return@run
        } else {
            Test()
            return@run
        }
    }
}

//
// Transformed IR
// ------------------------------------------

@Composable
fun Test(%composer: Composer?, %changed: Int) {
  %composer = %composer.startRestartGroup(<>)
  sourceInformation(%composer, "C(Test):Test.kt")
  if (%changed != 0 || !%composer.skipping) {
    if (isTraceInProgress()) {
      traceEventStart(<>, %changed, -1, <>)
    }
    run {
      %composer.startReplaceableGroup(<>)
      sourceInformation(%composer, "<Test()>")
      if (true) {
        %composer.endReplaceableGroup()
        return@run
      } else {
        Test(%composer, 0)
        %composer.endReplaceableGroup()
        return@run
      }
      %composer.endReplaceableGroup()
    }
    if (isTraceInProgress()) {
      traceEventEnd()
    }
  } else {
    %composer.skipToGroupEnd()
  }
  %composer.endRestartGroup()?.updateScope { %composer: Composer?, %force: Int ->
    Test(%composer, updateChangedFlags(%changed or 0b0001))
  }
}
